// Jest Snapshot v1, https://goo.gl/fbAQLP

exports[`ActionButton Component should match the snapshot sucessfully 1`] = `
<div
  class="action-button-container"
>
  <button
    class="ant-btn ant-btn-primary ant-btn-circle ant-btn-lg"
    type="button"
  >
    <span>
      +1
    </span>
  </button>
  <button
    class="ant-btn ant-btn-primary ant-btn-circle ant-btn-lg"
    type="button"
  >
    <span>
      0
    </span>
  </button>
  <button
    class="ant-btn ant-btn-primary ant-btn-circle ant-btn-lg"
    type="button"
  >
    <span>
      -1
    </span>
  </button>
</div>
`;
